loading model: GP_pred/GP_hic.json
loading model: GP_pred/GP_lacc.json
loading model: GP_pred/GP_ln.json
loading model: GP_pred/GP_pelvis.json
loading model: GP_pred/GP_racc.json
loading model: GP_pred/GP_rn.json
loading model: GP_pred/GP_sternum.json
number of trajectories found: 4940
File not found: data/simulation/447/measurments/measurements.csv
File not found: data/simulation/448/measurments/measurements.csv
File not found: data/simulation/754/measurments/measurements.csv
File not found: data/simulation/785/measurments/measurements.csv
File not found: data/simulation/1006/measurments/measurements.csv
File not found: data/simulation/1233/measurments/measurements.csv
File not found: data/simulation/1234/measurments/measurements.csv
File not found: data/simulation/1887/measurments/measurements.csv
File not found: data/simulation/1888/measurments/measurements.csv
File not found: data/simulation/1889/measurments/measurements.csv
File not found: data/simulation/1890/measurments/measurements.csv
File not found: data/simulation/2189/measurments/measurements.csv
File not found: data/simulation/2449/measurments/measurements.csv
File not found: data/simulation/2450/measurments/measurements.csv
File not found: data/simulation/2451/measurments/measurements.csv
File not found: data/simulation/2496/measurments/measurements.csv
File not found: data/simulation/3027/measurments/measurements.csv
File not found: data/simulation/3028/measurments/measurements.csv
File not found: data/simulation/3432/measurments/measurements.csv
File not found: data/simulation/3869/measurments/measurements.csv
File not found: data/simulation/3903/measurments/measurements.csv
File not found: data/simulation/4093/measurments/measurements.csv
File not found: data/simulation/4094/measurments/measurements.csv
File not found: data/simulation/4550/measurments/measurements.csv
File not found: data/simulation/4551/measurments/measurements.csv
File not found: data/simulation/4802/measurments/measurements.csv
count_trigger: 2069
count_case_1 (no trigger + collision): 1108
count_case_2 (trigger + collision): 1069
count_case_3 (trigger + no collision): 1000
count_case_4 (no trigger + no collision): 408
Length of first trajectory: 123
   frame  walker_vel_ms  ego_vel_ms  ...  reward  eventual_collision  high_risk
0      0       0.000000   18.731708  ...     0.0                   1          1
1      1       0.078659   18.572876  ...     0.0                   1          1
2      2       0.157318   18.521971  ...     0.0                   1          1
3      3       0.235977   18.513009  ...     0.0                   1          1
4      4       0.314636   18.511854  ...     0.0                   1          1

[5 rows x 9 columns]
Total trajectories processed: 3585
Saved trajectories to: data/aggregated/rl_trajectories_b15.0_c110.0_b25.0_c25.0_c35.0_eta0.15.pkl
Device: cuda
Loading data from: data/aggregated/rl_trajectories_b15.0_c110.0_b25.0_c25.0_c35.0_eta0.15.pkl
Train trajectories: 3226
Validation trajectories: 359
Training samples: 450329
Validation samples: 52770
Training:   0%|          | 0/1000 [00:00<?, ?it/s]Training:   0%|          | 1/1000 [00:05<1:24:19,  5.06s/it]Training:   0%|          | 2/1000 [00:09<1:17:18,  4.65s/it]Training:   0%|          | 3/1000 [00:13<1:14:58,  4.51s/it]Training:   0%|          | 4/1000 [00:18<1:14:08,  4.47s/it]Training:   0%|          | 5/1000 [00:22<1:13:26,  4.43s/it]Training:   1%|          | 6/1000 [00:26<1:12:48,  4.39s/it]Training:   1%|          | 7/1000 [00:31<1:12:22,  4.37s/it]Training:   1%|          | 8/1000 [00:35<1:12:05,  4.36s/it]Training:   1%|          | 9/1000 [00:39<1:11:57,  4.36s/it]Training:   1%|          | 10/1000 [00:44<1:12:03,  4.37s/it]Training:   1%|          | 11/1000 [00:48<1:11:54,  4.36s/it]Training:   1%|          | 12/1000 [00:52<1:11:43,  4.36s/it]Training:   1%|▏         | 13/1000 [00:57<1:11:35,  4.35s/it]Training:   1%|▏         | 14/1000 [01:01<1:11:34,  4.36s/it]Training:   2%|▏         | 15/1000 [01:05<1:11:22,  4.35s/it]Training:   2%|▏         | 16/1000 [01:10<1:11:26,  4.36s/it]Training:   2%|▏         | 17/1000 [01:14<1:11:21,  4.36s/it]Training:   2%|▏         | 18/1000 [01:19<1:11:05,  4.34s/it]Training:   2%|▏         | 19/1000 [01:23<1:10:53,  4.34s/it]